2026-06-08 13:39:36.317 DEBUG [trace:cbe8071d3b374ec49164f42bcabacfb9] [event:] [module:ADMIN] --- [nio-8080-exec-3] o.s.web.servlet.DispatcherServlet        : GET "/analytics-admin/login", parameters={}
2026-06-08 13:39:36.319 DEBUG [trace:cbe8071d3b374ec49164f42bcabacfb9] [event:] [module:ADMIN] --- [nio-8080-exec-3] s.w.s.m.m.a.RequestMappingHandlerMapping : Mapped to com.example.gqw.analytics.controller.AnalyticsAdminController#loginPage()
2026-06-08 13:39:36.325 DEBUG [trace:cbe8071d3b374ec49164f42bcabacfb9] [event:] [module:ADMIN] --- [nio-8080-exec-3] o.s.w.s.v.ContentNegotiatingViewResolver : Selected '*/*' given [*/*]
2026-06-08 13:39:36.329 DEBUG [trace:cbe8071d3b374ec49164f42bcabacfb9] [event:] [module:ADMIN] --- [nio-8080-exec-3] o.s.web.servlet.DispatcherServlet        : Completed 200 OK
2026-06-08 13:39:36.346 DEBUG [trace:484b0bebb8634e4d9195eccbb088163e] [event:] [module:ADMIN] --- [nio-8080-exec-4] o.s.web.servlet.DispatcherServlet        : GET "/analytics-admin/dashboard", parameters={}
2026-06-08 13:39:36.346 DEBUG [trace:484b0bebb8634e4d9195eccbb088163e] [event:] [module:ADMIN] --- [nio-8080-exec-4] s.w.s.m.m.a.RequestMappingHandlerMapping : Mapped to com.example.gqw.analytics.controller.AnalyticsAdminController#dashboard(Model, HttpServletRequest, String)
2026-06-08 13:39:36.347 DEBUG [trace:484b0bebb8634e4d9195eccbb088163e] [event:] [module:ADMIN] --- [nio-8080-exec-4] o.s.web.servlet.DispatcherServlet        : Completed 302 FOUND
2026-06-08 13:39:36.368 DEBUG [trace:0764546098734f98baa1948355207415] [event:] [module:ADMIN] --- [nio-8080-exec-2] o.s.web.servlet.DispatcherServlet        : GET "/analytics-admin/dictionaries", parameters={}
2026-06-08 13:39:36.368 DEBUG [trace:0764546098734f98baa1948355207415] [event:] [module:ADMIN] --- [nio-8080-exec-2] s.w.s.m.m.a.RequestMappingHandlerMapping : Mapped to com.example.gqw.analytics.controller.AnalyticsAdminController#dictionaries(Model, HttpServletRequest, String)
2026-06-08 13:39:36.369 DEBUG [trace:0764546098734f98baa1948355207415] [event:] [module:ADMIN] --- [nio-8080-exec-2] o.s.web.servlet.DispatcherServlet        : Completed 302 FOUND
2026-06-08 13:39:36.376 DEBUG [trace:d6e5c0ecce4944fdaa80054d919ffd1f] [event:] [module:ADMIN] --- [nio-8080-exec-6] o.s.web.servlet.DispatcherServlet        : GET "/analytics-admin/settings", parameters={}
2026-06-08 13:39:36.378 DEBUG [trace:d6e5c0ecce4944fdaa80054d919ffd1f] [event:] [module:ADMIN] --- [nio-8080-exec-6] o.s.w.s.handler.SimpleUrlHandlerMapping  : Mapped to ResourceHttpRequestHandler [classpath [META-INF/resources/], classpath [resources/], classpath [static/], classpath [public/], ServletContext [/]]
2026-06-08 13:39:36.380 DEBUG [trace:d6e5c0ecce4944fdaa80054d919ffd1f] [event:] [module:ADMIN] --- [nio-8080-exec-6] o.s.web.servlet.DispatcherServlet        : Completed 302 FOUND
2026-06-08 13:39:36.386 DEBUG [trace:1432290a127346b8944cd149be9b8933] [event:] [module:ADMIN] --- [nio-8080-exec-7] o.s.web.servlet.DispatcherServlet        : GET "/analytics-admin/compare", parameters={}
2026-06-08 13:39:36.387 DEBUG [trace:1432290a127346b8944cd149be9b8933] [event:] [module:ADMIN] --- [nio-8080-exec-7] o.s.w.s.handler.SimpleUrlHandlerMapping  : Mapped to ResourceHttpRequestHandler [classpath [META-INF/resources/], classpath [resources/], classpath [static/], classpath [public/], ServletContext [/]]
2026-06-08 13:39:36.388 DEBUG [trace:1432290a127346b8944cd149be9b8933] [event:] [module:ADMIN] --- [nio-8080-exec-7] o.s.web.servlet.DispatcherServlet        : Completed 302 FOUND
2026-06-08 13:39:36.394 DEBUG [trace:0cefc2f1c47d419c9e5f4eb0e2d16e69] [event:] [module:ADMIN] --- [nio-8080-exec-8] o.s.web.servlet.DispatcherServlet        : GET "/analytics-admin/diagnostics", parameters={}
2026-06-08 13:39:36.394 DEBUG [trace:0cefc2f1c47d419c9e5f4eb0e2d16e69] [event:] [module:ADMIN] --- [nio-8080-exec-8] o.s.w.s.handler.SimpleUrlHandlerMapping  : Mapped to ResourceHttpRequestHandler [classpath [META-INF/resources/], classpath [resources/], classpath [static/], classpath [public/], ServletContext [/]]
2026-06-08 13:39:36.395 DEBUG [trace:0cefc2f1c47d419c9e5f4eb0e2d16e69] [event:] [module:ADMIN] --- [nio-8080-exec-8] o.s.web.servlet.DispatcherServlet        : Completed 302 FOUND
2026-06-08 13:39:36.402 DEBUG [trace:913ffbe8b74049e79f6a9d2ca8892cf7] [event:] [module:ADMIN] --- [nio-8080-exec-9] o.s.web.servlet.DispatcherServlet        : GET "/analytics-admin/events", parameters={}
2026-06-08 13:39:36.403 DEBUG [trace:913ffbe8b74049e79f6a9d2ca8892cf7] [event:] [module:ADMIN] --- [nio-8080-exec-9] o.s.w.s.handler.SimpleUrlHandlerMapping  : Mapped to ResourceHttpRequestHandler [classpath [META-INF/resources/], classpath [resources/], classpath [static/], classpath [public/], ServletContext [/]]
2026-06-08 13:39:36.404 DEBUG [trace:913ffbe8b74049e79f6a9d2ca8892cf7] [event:] [module:ADMIN] --- [nio-8080-exec-9] o.s.web.servlet.DispatcherServlet        : Completed 302 FOUND
2026-06-08 13:43:29.596 DEBUG [trace:48812edbfe5d468886643ea5bcac4d2b] [event:] [module:ADMIN] --- [nio-8080-exec-5] o.s.web.servlet.DispatcherServlet        : HEAD "/analytics-admin/login", parameters={}
2026-06-08 13:43:29.596 DEBUG [trace:67147b686a1743b9994b74f6f0b0619c] [event:] [module:ADMIN] --- [nio-8080-exec-1] o.s.web.servlet.DispatcherServlet        : HEAD "/analytics-admin/dictionaries", parameters={}
2026-06-08 13:43:29.597 DEBUG [trace:48812edbfe5d468886643ea5bcac4d2b] [event:] [module:ADMIN] --- [nio-8080-exec-5] s.w.s.m.m.a.RequestMappingHandlerMapping : Mapped to com.example.gqw.analytics.controller.AnalyticsAdminController#loginPage()
2026-06-08 13:43:29.597 DEBUG [trace:67147b686a1743b9994b74f6f0b0619c] [event:] [module:ADMIN] --- [nio-8080-exec-1] s.w.s.m.m.a.RequestMappingHandlerMapping : Mapped to com.example.gqw.analytics.controller.AnalyticsAdminController#dictionaries(Model, HttpServletRequest, String)
2026-06-08 13:43:29.599 DEBUG [trace:48812edbfe5d468886643ea5bcac4d2b] [event:] [module:ADMIN] --- [nio-8080-exec-5] o.s.w.s.v.ContentNegotiatingViewResolver : Selected '*/*' given [*/*]
2026-06-08 13:43:29.600 DEBUG [trace:48812edbfe5d468886643ea5bcac4d2b] [event:] [module:ADMIN] --- [nio-8080-exec-5] o.s.web.servlet.DispatcherServlet        : Completed 200 OK
2026-06-08 13:43:29.601 DEBUG [trace:67147b686a1743b9994b74f6f0b0619c] [event:] [module:ADMIN] --- [nio-8080-exec-1] o.s.web.servlet.DispatcherServlet        : Completed 302 FOUND
2026-06-08 13:43:29.602 DEBUG [trace:cce5955f90df47aa9b67db39d6043259] [event:] [module:ADMIN] --- [nio-8080-exec-4] o.s.web.servlet.DispatcherServlet        : HEAD "/analytics-admin/dashboard", parameters={}
2026-06-08 13:43:29.602 DEBUG [trace:cce5955f90df47aa9b67db39d6043259] [event:] [module:ADMIN] --- [nio-8080-exec-4] s.w.s.m.m.a.RequestMappingHandlerMapping : Mapped to com.example.gqw.analytics.controller.AnalyticsAdminController#dashboard(Model, HttpServletRequest, String)
2026-06-08 13:43:29.603 DEBUG [trace:cce5955f90df47aa9b67db39d6043259] [event:] [module:ADMIN] --- [nio-8080-exec-4] o.s.web.servlet.DispatcherServlet        : Completed 302 FOUND
2026-06-08 13:43:34.935 DEBUG [trace:b9fadf9cfe744eba8d27b9db442092ae] [event:] [module:ADMIN] --- [nio-8080-exec-6] o.s.web.servlet.DispatcherServlet        : HEAD "/analytics-admin/settings", parameters={}
2026-06-08 13:43:34.935 DEBUG [trace:b9fadf9cfe744eba8d27b9db442092ae] [event:] [module:ADMIN] --- [nio-8080-exec-6] o.s.w.s.handler.SimpleUrlHandlerMapping  : Mapped to ResourceHttpRequestHandler [classpath [META-INF/resources/], classpath [resources/], classpath [static/], classpath [public/], ServletContext [/]]
2026-06-08 13:43:34.936 DEBUG [trace:b9fadf9cfe744eba8d27b9db442092ae] [event:] [module:ADMIN] --- [nio-8080-exec-6] o.s.web.servlet.DispatcherServlet        : Completed 302 FOUND
2026-06-08 13:53:50.432  WARN [trace:ce2901bd3e8d48288d54866defdb3a2d] [event:] [module:ADMIN] --- [nio-8080-exec-9] com.example.gqw.config.TraceIdFilter     : SLOW HTTP GET /analytics-admin/api/universal/module-breakdown -> 200 (5194 ms)
2026-06-08 13:53:52.424  WARN [trace:b451df1ba85d4da59396a346ccf10f10] [event:] [module:ADMIN] --- [nio-8080-exec-7] com.example.gqw.config.TraceIdFilter     : SLOW HTTP GET /analytics-admin/api/universal/module-root-cause -> 200 (1984 ms)
2026-06-08 13:54:05.854  WARN [trace:f09d9a27cd5941fea9717578196b9aad] [event:] [module:ADMIN] --- [nio-8080-exec-8] com.example.gqw.config.TraceIdFilter     : SLOW HTTP GET /analytics-admin/api/universal/module-breakdown -> 200 (2390 ms)
