2026-06-07 17:19:01.466  INFO [trace:] [event:] [module:] --- [  restartedMain] com.example.gqw.GqwApplication           : Starting GqwApplication using Java 21.0.8 with PID 19132 (C:\Users\Natalia\.gqw-build\gqw\classes\java\main started by Natalia in C:\Users\Natalia\Desktop\ДИПЛОМ\GQW)
2026-06-07 17:19:01.478  INFO [trace:] [event:] [module:] --- [  restartedMain] com.example.gqw.GqwApplication           : No active profile set, falling back to 1 default profile: "default"
2026-06-07 17:19:01.512  INFO [trace:] [event:] [module:] --- [  restartedMain] .e.DevToolsPropertyDefaultsPostProcessor : Devtools property defaults active! Set 'spring.devtools.add-properties' to 'false' to disable
2026-06-07 17:19:01.513  INFO [trace:] [event:] [module:] --- [  restartedMain] .e.DevToolsPropertyDefaultsPostProcessor : For additional web related logging consider setting the 'logging.level.web' property to 'DEBUG'
2026-06-07 17:19:02.058  INFO [trace:] [event:] [module:] --- [  restartedMain] .s.d.r.c.RepositoryConfigurationDelegate : Bootstrapping Spring Data JPA repositories in DEFAULT mode.
2026-06-07 17:19:02.144  INFO [trace:] [event:] [module:] --- [  restartedMain] .s.d.r.c.RepositoryConfigurationDelegate : Finished Spring Data repository scanning in 79 ms. Found 30 JPA repository interfaces.
2026-06-07 17:19:02.779  INFO [trace:] [event:] [module:] --- [  restartedMain] o.s.boot.tomcat.TomcatWebServer          : Tomcat initialized with port 8080 (http)
2026-06-07 17:19:02.791  INFO [trace:] [event:] [module:] --- [  restartedMain] o.apache.catalina.core.StandardService   : Starting service [Tomcat]
2026-06-07 17:19:02.791  INFO [trace:] [event:] [module:] --- [  restartedMain] o.apache.catalina.core.StandardEngine    : Starting Servlet engine: [Apache Tomcat/11.0.18]
2026-06-07 17:19:02.827  INFO [trace:] [event:] [module:] --- [  restartedMain] b.w.c.s.WebApplicationContextInitializer : Root WebApplicationContext: initialization completed in 1314 ms
2026-06-07 17:19:03.070  INFO [trace:] [event:] [module:] --- [  restartedMain] org.hibernate.orm.jpa                    : HHH008540: Processing PersistenceUnitInfo [name: default]
2026-06-07 17:19:03.121  INFO [trace:] [event:] [module:] --- [  restartedMain] org.hibernate.orm.core                   : HHH000001: Hibernate ORM core version 7.2.7.Final
2026-06-07 17:19:03.491  INFO [trace:] [event:] [module:] --- [  restartedMain] o.s.o.j.p.SpringPersistenceUnitInfo      : No LoadTimeWeaver setup: ignoring JPA class transformer
2026-06-07 17:19:03.517  INFO [trace:] [event:] [module:] --- [  restartedMain] com.zaxxer.hikari.HikariDataSource       : HikariPool-1 - Starting...
2026-06-07 17:19:03.650  INFO [trace:] [event:] [module:] --- [  restartedMain] com.zaxxer.hikari.pool.HikariPool        : HikariPool-1 - Added connection org.postgresql.jdbc.PgConnection@182eed15
2026-06-07 17:19:03.651  INFO [trace:] [event:] [module:] --- [  restartedMain] com.zaxxer.hikari.HikariDataSource       : HikariPool-1 - Start completed.
2026-06-07 17:19:03.724  INFO [trace:] [event:] [module:] --- [  restartedMain] org.hibernate.orm.connections.pooling    : HHH10001005: Database info:
	Database JDBC URL [jdbc:postgresql://localhost:5432/gqw]
	Database driver: PostgreSQL JDBC Driver
	Database dialect: PostgreSQLDialect
	Database version: 18.0
	Default catalog/schema: gqw/public
	Autocommit mode: undefined/unknown
	Isolation level: READ_COMMITTED [default READ_COMMITTED]
	JDBC fetch size: none
	Pool: DataSourceConnectionProvider
	Minimum pool size: undefined/unknown
	Maximum pool size: undefined/unknown
2026-06-07 17:19:04.756  INFO [trace:] [event:] [module:] --- [  restartedMain] org.hibernate.orm.core                   : HHH000489: No JTA platform available (set 'hibernate.transaction.jta.platform' to enable JTA platform integration)
2026-06-07 17:19:04.867  INFO [trace:] [event:] [module:] --- [  restartedMain] j.LocalContainerEntityManagerFactoryBean : Initialized JPA EntityManagerFactory for persistence unit 'default'
2026-06-07 17:19:04.948  INFO [trace:] [event:] [module:] --- [  restartedMain] o.s.d.j.r.query.QueryEnhancerFactories   : Hibernate is in classpath; If applicable, HQL parser will be used.
2026-06-07 17:19:07.353  INFO [trace:] [event:] [module:] --- [  restartedMain] r$InitializeUserDetailsManagerConfigurer : Global AuthenticationManager configured with UserDetailsService bean with name customUserDetailsService
2026-06-07 17:19:07.968  INFO [trace:] [event:] [module:] --- [  restartedMain] o.s.boot.tomcat.TomcatWebServer          : Tomcat started on port 8080 (http) with context path '/'
2026-06-07 17:19:07.976  INFO [trace:] [event:] [module:] --- [  restartedMain] com.example.gqw.GqwApplication           : Started GqwApplication in 6.874 seconds (process running for 7.173)
2026-06-07 17:19:13.239  INFO [trace:] [event:] [module:] --- [  restartedMain] c.example.gqw.shop.service.OrderService  : Method started OrderService.ensureStatusHistoryForAllOrders (operation='execute business operation', layer=SERVICE, traceId='', eventUid='').
2026-06-07 17:19:13.431  INFO [trace:] [event:] [module:] --- [  restartedMain] c.example.gqw.shop.service.OrderService  : Method finished successfully OrderService.ensureStatusHistoryForAllOrders: operation='execute business operation', layer=SERVICE, durationMs=192, traceId='', eventUid=''.
2026-06-07 17:19:30.556  INFO [trace:] [event:] [module:] --- [nio-8080-exec-1] o.a.c.c.C.[Tomcat].[localhost].[/]       : Initializing Spring DispatcherServlet 'dispatcherServlet'
2026-06-07 17:19:30.556  INFO [trace:] [event:] [module:] --- [nio-8080-exec-1] o.s.web.servlet.DispatcherServlet        : Initializing Servlet 'dispatcherServlet'
2026-06-07 17:19:30.558  INFO [trace:] [event:] [module:] --- [nio-8080-exec-1] o.s.web.servlet.DispatcherServlet        : Completed initialization in 2 ms
2026-06-07 17:20:00.408  INFO [trace:] [event:] [module:] --- [   scheduling-1] .e.g.a.s.AnalyticsLogArchiveIndexService : [LOG_INDEX] scan summary logDirectory=C:\Users\Natalia\Desktop\ДИПЛОМ\GQW\logs\analytics\modules currentLogFilesFound=4 archiveLogFilesFound=1049 sampleArchiveFiles=[DEFAULT.2026-06-07.3.log.gz, gqw.2026-06-07.8.log.gz, gqw.2026-06-07.9.log.gz, gqw.2026-06-07.6.log.gz, gqw.2026-06-07.7.log.gz, gqw.2026-06-07.5.log.gz, gqw.2026-06-07.4.log.gz, gqw.2026-06-07.3.log.gz]
2026-06-07 17:20:00.408  INFO [trace:] [event:] [module:] --- [   scheduling-1] .e.g.a.s.AnalyticsLogArchiveIndexService : [LOG_INDEX_DEBUG] scan roots configuredLogDirectory=C:\Users\Natalia\Desktop\ДИПЛОМ\GQW\logs resolvedAbsolutePath=C:\Users\Natalia\Desktop\ДИПЛОМ\GQW\logs exists=true readable=true currentLogFilesFound=4 archiveLogFilesFound=1049 archivePatternsUsed=*.log.gz, <MODULE>.yyyy-MM-dd.<sequence>.log.gz, gqw.yyyy-MM-dd.<sequence>.log.gz sampleArchiveFiles=[DEFAULT.2026-06-07.3.log.gz, gqw.2026-06-07.8.log.gz, gqw.2026-06-07.9.log.gz, gqw.2026-06-07.6.log.gz, gqw.2026-06-07.7.log.gz, gqw.2026-06-07.5.log.gz, gqw.2026-06-07.4.log.gz, gqw.2026-06-07.3.log.gz]
2026-06-07 17:20:00.409  INFO [trace:] [event:] [module:] --- [   scheduling-1] .e.g.a.s.AnalyticsLogArchiveIndexService : [LOG_INDEX_DEBUG] scan roots configuredLogDirectory=C:\Users\Natalia\Desktop\ДИПЛОМ\GQW\logs\analytics\modules resolvedAbsolutePath=C:\Users\Natalia\Desktop\ДИПЛОМ\GQW\logs\analytics\modules exists=true readable=true currentLogFilesFound=4 archiveLogFilesFound=1049 archivePatternsUsed=*.log.gz, <MODULE>.yyyy-MM-dd.<sequence>.log.gz, gqw.yyyy-MM-dd.<sequence>.log.gz sampleArchiveFiles=[DEFAULT.2026-06-07.3.log.gz, gqw.2026-06-07.8.log.gz, gqw.2026-06-07.9.log.gz, gqw.2026-06-07.6.log.gz, gqw.2026-06-07.7.log.gz, gqw.2026-06-07.5.log.gz, gqw.2026-06-07.4.log.gz, gqw.2026-06-07.3.log.gz]
2026-06-07 17:20:00.409  INFO [trace:] [event:] [module:] --- [   scheduling-1] .e.g.a.s.AnalyticsLogArchiveIndexService : [LOG_INDEX_DEBUG] scan roots configuredLogDirectory=C:\Users\Natalia\Desktop\ДИПЛОМ\GQW\logs\analytics\modules\archive resolvedAbsolutePath=C:\Users\Natalia\Desktop\ДИПЛОМ\GQW\logs\analytics\modules\archive exists=true readable=true currentLogFilesFound=4 archiveLogFilesFound=1049 archivePatternsUsed=*.log.gz, <MODULE>.yyyy-MM-dd.<sequence>.log.gz, gqw.yyyy-MM-dd.<sequence>.log.gz sampleArchiveFiles=[DEFAULT.2026-06-07.3.log.gz, gqw.2026-06-07.8.log.gz, gqw.2026-06-07.9.log.gz, gqw.2026-06-07.6.log.gz, gqw.2026-06-07.7.log.gz, gqw.2026-06-07.5.log.gz, gqw.2026-06-07.4.log.gz, gqw.2026-06-07.3.log.gz]
2026-06-07 17:20:00.409  INFO [trace:] [event:] [module:] --- [   scheduling-1] .e.g.a.s.AnalyticsLogArchiveIndexService : [LOG_INDEX_DEBUG] scan roots configuredLogDirectory=C:\Users\Natalia\Desktop\ДИПЛОМ\GQW\logs\archive resolvedAbsolutePath=C:\Users\Natalia\Desktop\ДИПЛОМ\GQW\logs\archive exists=true readable=true currentLogFilesFound=4 archiveLogFilesFound=1049 archivePatternsUsed=*.log.gz, <MODULE>.yyyy-MM-dd.<sequence>.log.gz, gqw.yyyy-MM-dd.<sequence>.log.gz sampleArchiveFiles=[DEFAULT.2026-06-07.3.log.gz, gqw.2026-06-07.8.log.gz, gqw.2026-06-07.9.log.gz, gqw.2026-06-07.6.log.gz, gqw.2026-06-07.7.log.gz, gqw.2026-06-07.5.log.gz, gqw.2026-06-07.4.log.gz, gqw.2026-06-07.3.log.gz]
2026-06-07 17:20:01.806  INFO [trace:] [event:] [module:] --- [   scheduling-1] .e.g.a.s.AnalyticsLogArchiveIndexService : [LOG_INDEX_DEBUG] gzip read fileName=DEFAULT.2026-06-07.3.log.gz opened=true linesRead=192126 linesWithTrace=31655 tracesFound=354 errorsFound=587 parseErrors=0 durationMs=288
2026-06-07 17:20:02.516  INFO [trace:] [event:] [module:] --- [   scheduling-1] .e.g.a.s.AnalyticsLogArchiveIndexService : [LOG_INDEX_DEBUG] gzip read fileName=gqw.2026-06-05.5.log.gz opened=true linesRead=57318 linesWithTrace=55063 tracesFound=221 errorsFound=18 parseErrors=0 durationMs=456
2026-06-07 17:20:03.025  INFO [trace:] [event:] [module:] --- [   scheduling-1] .e.g.a.s.AnalyticsLogArchiveIndexService : [LOG_INDEX_DEBUG] gzip read fileName=gqw.2026-06-05.3.log.gz opened=true linesRead=79758 linesWithTrace=56923 tracesFound=222 errorsFound=26 parseErrors=0 durationMs=420
2026-06-07 17:20:03.542  INFO [trace:] [event:] [module:] --- [   scheduling-1] .e.g.a.s.AnalyticsLogArchiveIndexService : [LOG_INDEX_DEBUG] gzip read fileName=gqw.2026-06-05.4.log.gz opened=true linesRead=92195 linesWithTrace=58127 tracesFound=245 errorsFound=71 parseErrors=0 durationMs=433
2026-06-07 17:20:03.962  INFO [trace:] [event:] [module:] --- [   scheduling-1] .e.g.a.s.AnalyticsLogArchiveIndexService : [LOG_INDEX_DEBUG] gzip read fileName=gqw.2026-06-05.15.log.gz opened=true linesRead=44390 linesWithTrace=42811 tracesFound=157 errorsFound=14 parseErrors=0 durationMs=334
2026-06-07 17:20:04.449  INFO [trace:] [event:] [module:] --- [   scheduling-1] .e.g.a.s.AnalyticsLogArchiveIndexService : [LOG_INDEX_DEBUG] gzip read fileName=gqw.2026-06-05.2.log.gz opened=true linesRead=66217 linesWithTrace=54698 tracesFound=197 errorsFound=91 parseErrors=0 durationMs=417
2026-06-07 17:20:04.955  INFO [trace:] [event:] [module:] --- [   scheduling-1] .e.g.a.s.AnalyticsLogArchiveIndexService : [LOG_INDEX_DEBUG] gzip read fileName=gqw.2026-06-05.13.log.gz opened=true linesRead=56747 linesWithTrace=55572 tracesFound=236 errorsFound=10 parseErrors=0 durationMs=435
2026-06-07 17:20:05.464  INFO [trace:] [event:] [module:] --- [   scheduling-1] .e.g.a.s.AnalyticsLogArchiveIndexService : [LOG_INDEX_DEBUG] gzip read fileName=gqw.2026-06-05.14.log.gz opened=true linesRead=57605 linesWithTrace=55299 tracesFound=238 errorsFound=20 parseErrors=0 durationMs=416
2026-06-07 17:20:05.963  INFO [trace:] [event:] [module:] --- [   scheduling-1] .e.g.a.s.AnalyticsLogArchiveIndexService : [LOG_INDEX_DEBUG] gzip read fileName=gqw.2026-06-05.12.log.gz opened=true linesRead=57814 linesWithTrace=55104 tracesFound=240 errorsFound=24 parseErrors=0 durationMs=414
2026-06-07 17:20:06.511  INFO [trace:] [event:] [module:] --- [   scheduling-1] .e.g.a.s.AnalyticsLogArchiveIndexService : [LOG_INDEX_DEBUG] gzip read fileName=gqw.2026-06-05.10.log.gz opened=true linesRead=57835 linesWithTrace=55125 tracesFound=266 errorsFound=24 parseErrors=0 durationMs=450
2026-06-07 17:20:07.023  INFO [trace:] [event:] [module:] --- [   scheduling-1] .e.g.a.s.AnalyticsLogArchiveIndexService : [LOG_INDEX_DEBUG] gzip read fileName=gqw.2026-06-05.11.log.gz opened=true linesRead=57995 linesWithTrace=55061 tracesFound=202 errorsFound=26 parseErrors=0 durationMs=410
2026-06-07 17:20:07.531  INFO [trace:] [event:] [module:] --- [   scheduling-1] .e.g.a.s.AnalyticsLogArchiveIndexService : [LOG_INDEX_DEBUG] gzip read fileName=gqw.2026-06-05.1.log.gz opened=true linesRead=56903 linesWithTrace=55100 tracesFound=177 errorsFound=16 parseErrors=0 durationMs=433
2026-06-07 17:20:07.991  INFO [trace:] [event:] [module:] --- [   scheduling-1] .e.g.a.s.AnalyticsLogArchiveIndexService : [LOG_INDEX_DEBUG] gzip read fileName=gqw.2026-06-05.0.log.gz opened=true linesRead=98214 linesWithTrace=56789 tracesFound=269 errorsFound=223 parseErrors=0 durationMs=403
2026-06-07 17:20:08.503  INFO [trace:] [event:] [module:] --- [   scheduling-1] .e.g.a.s.AnalyticsLogArchiveIndexService : [LOG_INDEX_DEBUG] gzip read fileName=SHOP.2026-06-07.9.log.gz opened=true linesRead=55270 linesWithTrace=55270 tracesFound=130 errorsFound=0 parseErrors=0 durationMs=418
2026-06-07 17:20:09.000  INFO [trace:] [event:] [module:] --- [   scheduling-1] .e.g.a.s.AnalyticsLogArchiveIndexService : [LOG_INDEX_DEBUG] gzip read fileName=SHOP.2026-06-07.8.log.gz opened=true linesRead=55372 linesWithTrace=55222 tracesFound=135 errorsFound=1 parseErrors=0 durationMs=456
2026-06-07 17:20:09.455  INFO [trace:] [event:] [module:] --- [   scheduling-1] .e.g.a.s.AnalyticsLogArchiveIndexService : [LOG_INDEX_DEBUG] gzip read fileName=SHOP.2026-06-07.7.log.gz opened=true linesRead=55210 linesWithTrace=55060 tracesFound=110 errorsFound=1 parseErrors=0 durationMs=412
2026-06-07 17:20:09.909  INFO [trace:] [event:] [module:] --- [   scheduling-1] .e.g.a.s.AnalyticsLogArchiveIndexService : [LOG_INDEX_DEBUG] gzip read fileName=SHOP.2026-06-07.6.log.gz opened=true linesRead=55552 linesWithTrace=55402 tracesFound=155 errorsFound=1 parseErrors=0 durationMs=420
2026-06-07 17:20:10.737  INFO [trace:] [event:] [module:] --- [   scheduling-1] .e.g.a.s.AnalyticsLogArchiveIndexService : [LOG_INDEX] index run summary logDirectory=C:\Users\Natalia\Desktop\ДИПЛОМ\GQW\logs\analytics\modules currentLogFilesFound=4 archiveLogFilesFound=1049 indexed=20 pending=0 skippedTooLarge=0 errors=0 durationMs=10733
2026-06-07 17:20:10.737  INFO [trace:] [event:] [module:] --- [   scheduling-1] .e.g.a.s.AnalyticsLogArchiveIndexService : [LOG_INDEX_DEBUG] index summary filesDiscovered=1053 filesIndexed=1053 filesPending=0 filesSkippedTooLarge=0 filesIndexError=0 filesMissing=0 traceRowsCount=143147 excerptRowsCount=53124 lastIndexStartedAt=null lastIndexFinishedAt=2026-06-07T13:20:10.737356900Z lastError=null
2026-06-07 17:30:06.419  INFO [trace:] [event:] [module:] --- [   scheduling-1] .e.g.a.s.AnalyticsLogArchiveIndexService : [LOG_INDEX] scan summary logDirectory=C:\Users\Natalia\Desktop\ДИПЛОМ\GQW\logs\analytics\modules currentLogFilesFound=4 archiveLogFilesFound=1049 sampleArchiveFiles=[DEFAULT.2026-06-07.3.log.gz, gqw.2026-06-07.8.log.gz, gqw.2026-06-07.9.log.gz, gqw.2026-06-07.6.log.gz, gqw.2026-06-07.7.log.gz, gqw.2026-06-07.5.log.gz, gqw.2026-06-07.4.log.gz, gqw.2026-06-07.3.log.gz]
2026-06-07 17:30:06.419  INFO [trace:] [event:] [module:] --- [   scheduling-1] .e.g.a.s.AnalyticsLogArchiveIndexService : [LOG_INDEX_DEBUG] scan roots configuredLogDirectory=C:\Users\Natalia\Desktop\ДИПЛОМ\GQW\logs resolvedAbsolutePath=C:\Users\Natalia\Desktop\ДИПЛОМ\GQW\logs exists=true readable=true currentLogFilesFound=4 archiveLogFilesFound=1049 archivePatternsUsed=*.log.gz, <MODULE>.yyyy-MM-dd.<sequence>.log.gz, gqw.yyyy-MM-dd.<sequence>.log.gz sampleArchiveFiles=[DEFAULT.2026-06-07.3.log.gz, gqw.2026-06-07.8.log.gz, gqw.2026-06-07.9.log.gz, gqw.2026-06-07.6.log.gz, gqw.2026-06-07.7.log.gz, gqw.2026-06-07.5.log.gz, gqw.2026-06-07.4.log.gz, gqw.2026-06-07.3.log.gz]
2026-06-07 17:30:06.420  INFO [trace:] [event:] [module:] --- [   scheduling-1] .e.g.a.s.AnalyticsLogArchiveIndexService : [LOG_INDEX_DEBUG] scan roots configuredLogDirectory=C:\Users\Natalia\Desktop\ДИПЛОМ\GQW\logs\analytics\modules resolvedAbsolutePath=C:\Users\Natalia\Desktop\ДИПЛОМ\GQW\logs\analytics\modules exists=true readable=true currentLogFilesFound=4 archiveLogFilesFound=1049 archivePatternsUsed=*.log.gz, <MODULE>.yyyy-MM-dd.<sequence>.log.gz, gqw.yyyy-MM-dd.<sequence>.log.gz sampleArchiveFiles=[DEFAULT.2026-06-07.3.log.gz, gqw.2026-06-07.8.log.gz, gqw.2026-06-07.9.log.gz, gqw.2026-06-07.6.log.gz, gqw.2026-06-07.7.log.gz, gqw.2026-06-07.5.log.gz, gqw.2026-06-07.4.log.gz, gqw.2026-06-07.3.log.gz]
2026-06-07 17:30:06.420  INFO [trace:] [event:] [module:] --- [   scheduling-1] .e.g.a.s.AnalyticsLogArchiveIndexService : [LOG_INDEX_DEBUG] scan roots configuredLogDirectory=C:\Users\Natalia\Desktop\ДИПЛОМ\GQW\logs\analytics\modules\archive resolvedAbsolutePath=C:\Users\Natalia\Desktop\ДИПЛОМ\GQW\logs\analytics\modules\archive exists=true readable=true currentLogFilesFound=4 archiveLogFilesFound=1049 archivePatternsUsed=*.log.gz, <MODULE>.yyyy-MM-dd.<sequence>.log.gz, gqw.yyyy-MM-dd.<sequence>.log.gz sampleArchiveFiles=[DEFAULT.2026-06-07.3.log.gz, gqw.2026-06-07.8.log.gz, gqw.2026-06-07.9.log.gz, gqw.2026-06-07.6.log.gz, gqw.2026-06-07.7.log.gz, gqw.2026-06-07.5.log.gz, gqw.2026-06-07.4.log.gz, gqw.2026-06-07.3.log.gz]
2026-06-07 17:30:06.420  INFO [trace:] [event:] [module:] --- [   scheduling-1] .e.g.a.s.AnalyticsLogArchiveIndexService : [LOG_INDEX_DEBUG] scan roots configuredLogDirectory=C:\Users\Natalia\Desktop\ДИПЛОМ\GQW\logs\archive resolvedAbsolutePath=C:\Users\Natalia\Desktop\ДИПЛОМ\GQW\logs\archive exists=true readable=true currentLogFilesFound=4 archiveLogFilesFound=1049 archivePatternsUsed=*.log.gz, <MODULE>.yyyy-MM-dd.<sequence>.log.gz, gqw.yyyy-MM-dd.<sequence>.log.gz sampleArchiveFiles=[DEFAULT.2026-06-07.3.log.gz, gqw.2026-06-07.8.log.gz, gqw.2026-06-07.9.log.gz, gqw.2026-06-07.6.log.gz, gqw.2026-06-07.7.log.gz, gqw.2026-06-07.5.log.gz, gqw.2026-06-07.4.log.gz, gqw.2026-06-07.3.log.gz]
2026-06-07 17:30:07.803  INFO [trace:] [event:] [module:] --- [   scheduling-1] .e.g.a.s.AnalyticsLogArchiveIndexService : [LOG_INDEX_DEBUG] gzip read fileName=SHOP.2026-06-07.5.log.gz opened=true linesRead=55765 linesWithTrace=55765 tracesFound=184 errorsFound=0 parseErrors=0 durationMs=409
2026-06-07 17:30:08.305  INFO [trace:] [event:] [module:] --- [   scheduling-1] .e.g.a.s.AnalyticsLogArchiveIndexService : [LOG_INDEX_DEBUG] gzip read fileName=SHOP.2026-06-07.4.log.gz opened=true linesRead=56034 linesWithTrace=55734 tracesFound=204 errorsFound=1 parseErrors=0 durationMs=439
2026-06-07 17:30:08.778  INFO [trace:] [event:] [module:] --- [   scheduling-1] .e.g.a.s.AnalyticsLogArchiveIndexService : [LOG_INDEX_DEBUG] gzip read fileName=SHOP.2026-06-07.3.log.gz opened=true linesRead=55590 linesWithTrace=55590 tracesFound=145 errorsFound=0 parseErrors=0 durationMs=406
2026-06-07 17:30:09.233  INFO [trace:] [event:] [module:] --- [   scheduling-1] .e.g.a.s.AnalyticsLogArchiveIndexService : [LOG_INDEX_DEBUG] gzip read fileName=SHOP.2026-06-07.2.log.gz opened=true linesRead=56363 linesWithTrace=55313 tracesFound=131 errorsFound=5 parseErrors=0 durationMs=404
2026-06-07 17:30:09.688  INFO [trace:] [event:] [module:] --- [   scheduling-1] .e.g.a.s.AnalyticsLogArchiveIndexService : [LOG_INDEX_DEBUG] gzip read fileName=SHOP.2026-06-07.14.log.gz opened=true linesRead=55088 linesWithTrace=55088 tracesFound=106 errorsFound=0 parseErrors=0 durationMs=405
2026-06-07 17:30:10.172  INFO [trace:] [event:] [module:] --- [   scheduling-1] .e.g.a.s.AnalyticsLogArchiveIndexService : [LOG_INDEX_DEBUG] gzip read fileName=SHOP.2026-06-07.13.log.gz opened=true linesRead=55171 linesWithTrace=55021 tracesFound=92 errorsFound=1 parseErrors=0 durationMs=441
2026-06-07 17:30:10.649  INFO [trace:] [event:] [module:] --- [   scheduling-1] .e.g.a.s.AnalyticsLogArchiveIndexService : [LOG_INDEX_DEBUG] gzip read fileName=SHOP.2026-06-07.12.log.gz opened=true linesRead=55341 linesWithTrace=55066 tracesFound=125 errorsFound=2 parseErrors=0 durationMs=442
2026-06-07 17:30:11.098  INFO [trace:] [event:] [module:] --- [   scheduling-1] .e.g.a.s.AnalyticsLogArchiveIndexService : [LOG_INDEX_DEBUG] gzip read fileName=SHOP.2026-06-07.11.log.gz opened=true linesRead=55134 linesWithTrace=55134 tracesFound=125 errorsFound=0 parseErrors=0 durationMs=407
2026-06-07 17:30:11.543  INFO [trace:] [event:] [module:] --- [   scheduling-1] .e.g.a.s.AnalyticsLogArchiveIndexService : [LOG_INDEX_DEBUG] gzip read fileName=SHOP.2026-06-07.10.log.gz opened=true linesRead=55260 linesWithTrace=55135 tracesFound=99 errorsFound=1 parseErrors=0 durationMs=402
2026-06-07 17:30:12.012  INFO [trace:] [event:] [module:] --- [   scheduling-1] .e.g.a.s.AnalyticsLogArchiveIndexService : [LOG_INDEX_DEBUG] gzip read fileName=SHOP.2026-06-07.1.log.gz opened=true linesRead=58102 linesWithTrace=54952 tracesFound=196 errorsFound=11 parseErrors=0 durationMs=432
2026-06-07 17:30:12.483  INFO [trace:] [event:] [module:] --- [   scheduling-1] .e.g.a.s.AnalyticsLogArchiveIndexService : [LOG_INDEX_DEBUG] gzip read fileName=SHOP.2026-06-07.0.log.gz opened=true linesRead=55884 linesWithTrace=55459 tracesFound=157 errorsFound=3 parseErrors=0 durationMs=401
2026-06-07 17:30:12.976  INFO [trace:] [event:] [module:] --- [   scheduling-1] .e.g.a.s.AnalyticsLogArchiveIndexService : [LOG_INDEX_DEBUG] gzip read fileName=SHOP.2026-06-06.9.log.gz opened=true linesRead=55599 linesWithTrace=55599 tracesFound=125 errorsFound=0 parseErrors=0 durationMs=441
2026-06-07 17:30:13.438  INFO [trace:] [event:] [module:] --- [   scheduling-1] .e.g.a.s.AnalyticsLogArchiveIndexService : [LOG_INDEX_DEBUG] gzip read fileName=SHOP.2026-06-06.8.log.gz opened=true linesRead=55582 linesWithTrace=55582 tracesFound=125 errorsFound=0 parseErrors=0 durationMs=412
2026-06-07 17:30:13.883  INFO [trace:] [event:] [module:] --- [   scheduling-1] .e.g.a.s.AnalyticsLogArchiveIndexService : [LOG_INDEX_DEBUG] gzip read fileName=SHOP.2026-06-06.7.log.gz opened=true linesRead=55895 linesWithTrace=55770 tracesFound=130 errorsFound=1 parseErrors=0 durationMs=399
2026-06-07 17:30:14.388  INFO [trace:] [event:] [module:] --- [   scheduling-1] .e.g.a.s.AnalyticsLogArchiveIndexService : [LOG_INDEX_DEBUG] gzip read fileName=SHOP.2026-06-06.6.log.gz opened=true linesRead=55881 linesWithTrace=55881 tracesFound=132 errorsFound=0 parseErrors=0 durationMs=445
2026-06-07 17:30:14.853  INFO [trace:] [event:] [module:] --- [   scheduling-1] .e.g.a.s.AnalyticsLogArchiveIndexService : [LOG_INDEX_DEBUG] gzip read fileName=SHOP.2026-06-06.5.log.gz opened=true linesRead=55961 linesWithTrace=55836 tracesFound=128 errorsFound=1 parseErrors=0 durationMs=409
2026-06-07 17:30:15.329  INFO [trace:] [event:] [module:] --- [   scheduling-1] .e.g.a.s.AnalyticsLogArchiveIndexService : [LOG_INDEX_DEBUG] gzip read fileName=SHOP.2026-06-06.4.log.gz opened=true linesRead=55875 linesWithTrace=55875 tracesFound=134 errorsFound=0 parseErrors=0 durationMs=431
2026-06-07 17:30:16.153  INFO [trace:] [event:] [module:] --- [   scheduling-1] .e.g.a.s.AnalyticsLogArchiveIndexService : [LOG_INDEX] index run summary logDirectory=C:\Users\Natalia\Desktop\ДИПЛОМ\GQW\logs\analytics\modules currentLogFilesFound=4 archiveLogFilesFound=1049 indexed=20 pending=0 skippedTooLarge=0 errors=0 durationMs=10092
2026-06-07 17:30:16.153  INFO [trace:] [event:] [module:] --- [   scheduling-1] .e.g.a.s.AnalyticsLogArchiveIndexService : [LOG_INDEX_DEBUG] index summary filesDiscovered=1053 filesIndexed=1053 filesPending=0 filesSkippedTooLarge=0 filesIndexError=0 filesMissing=0 traceRowsCount=143151 excerptRowsCount=53128 lastIndexStartedAt=null lastIndexFinishedAt=2026-06-07T13:30:16.153345900Z lastError=null
